PLINK v1.90b7 64-bit (16 Jan 2023)
Options in effect:
  --allow-extra-chr
  --bfile /home/gwegman/testing_hub_plasmo/LD_Bed/bed_file
  --chr Pf3D7_07_v3
  --from-bp 350000
  --keep-allele-order
  --ld-snp Pf3D7_07_v3:403621
  --ld-window 100000000
  --ld-window-kb 500
  --ld-window-r2 0
  --out /home/gwegman/LD_files/k76t
  --r2
  --to-bp 450000

Hostname: bioi
Working directory: /home/gwegman/plinker
Start time: Tue Apr 28 10:44:58 2026

Random number seed: 1777391098
644924 MB RAM detected; reserving 322462 MB for main workspace.
468 out of 71923 variants loaded from .bim file.
14496 people (0 males, 0 females, 14496 ambiguous) loaded from .fam.
Ambiguous sex IDs written to /home/gwegman/LD_files/k76t.nosex .
Using up to 39 threads (change this with --threads).
Before main variant filters, 14496 founders and 0 nonfounders present.
Calculating allele frequencies... done.
Total genotyping rate is 0.774342.
468 variants and 14496 people pass filters and QC.
Note: No phenotypes present.
--r2 to /home/gwegman/LD_files/k76t.ld ... done.

End time: Tue Apr 28 10:44:58 2026
